2026-05-27 14:01:16.218 | INFO     | __main__:main:17 - Bot worker started
2026-05-27 14:01:16.219 | INFO     | __main__:main:18 - Runtime flags: dry_run=True, auto_trade=True, approval_required=False
2026-05-27 14:02:01.943 | INFO     | __main__:main:17 - Bot worker started
2026-05-27 14:02:01.943 | INFO     | __main__:main:18 - Runtime flags: dry_run=True, auto_trade=True, approval_required=False
2026-05-27 18:21:51.783 | INFO     | __main__:main:75 - Starting bot worker runtime wiring
2026-05-27 18:21:51.804 | ERROR    | __main__:main:269 - Bot worker crashed: MetaTrader5 package is not available in this environment.
Traceback (most recent call last):
  File "<frozen runpy>", line 198, in _run_module_as_main
  File "<frozen runpy>", line 88, in _run_code
  File "/Users/mac/Documents/andifirwansyah/ai-trading-automation/src/bot_worker.py", line 302, in <module>
    main()
> File "/Users/mac/Documents/andifirwansyah/ai-trading-automation/src/bot_worker.py", line 101, in main
    if not mt5_connection.connect():
  File "/Users/mac/Documents/andifirwansyah/ai-trading-automation/src/infrastructure/mt5/mt5_connection.py", line 36, in connect
    self._require_mt5()
  File "/Users/mac/Documents/andifirwansyah/ai-trading-automation/src/infrastructure/mt5/mt5_connection.py", line 33, in _require_mt5
    raise RuntimeError("MetaTrader5 package is not available in this environment.")
RuntimeError: MetaTrader5 package is not available in this environment.
2026-05-27 18:21:51.813 | ERROR    | __main__:main:294 - Failed to shutdown MT5
Traceback (most recent call last):
  File "<frozen runpy>", line 198, in _run_module_as_main
  File "<frozen runpy>", line 88, in _run_code
  File "/Users/mac/Documents/andifirwansyah/ai-trading-automation/src/bot_worker.py", line 302, in <module>
    main()
> File "/Users/mac/Documents/andifirwansyah/ai-trading-automation/src/bot_worker.py", line 292, in main
    mt5_connection.shutdown()
  File "/Users/mac/Documents/andifirwansyah/ai-trading-automation/src/infrastructure/mt5/mt5_connection.py", line 41, in shutdown
    self._require_mt5()
  File "/Users/mac/Documents/andifirwansyah/ai-trading-automation/src/infrastructure/mt5/mt5_connection.py", line 33, in _require_mt5
    raise RuntimeError("MetaTrader5 package is not available in this environment.")
RuntimeError: MetaTrader5 package is not available in this environment.
