2026-05-27 14:01:16.218 | INFO     | __main__:main:17 - Bot worker started
2026-05-27 14:01:16.219 | INFO     | __main__:main:18 - Runtime flags: dry_run=True, auto_trade=True, approval_required=False
2026-05-27 14:02:01.943 | INFO     | __main__:main:17 - Bot worker started
2026-05-27 14:02:01.943 | INFO     | __main__:main:18 - Runtime flags: dry_run=True, auto_trade=True, approval_required=False
2026-05-27 18:21:51.783 | INFO     | __main__:main:75 - Starting bot worker runtime wiring
2026-05-27 18:21:51.804 | ERROR    | __main__:main:269 - Bot worker crashed: MetaTrader5 package is not available in this environment.
Traceback (most recent call last):
  File "<frozen runpy>", line 198, in _run_module_as_main
  File "<frozen runpy>", line 88, in _run_code
  File "/Users/mac/Documents/andifirwansyah/ai-trading-automation/src/bot_worker.py", line 302, in <module>
    main()
> File "/Users/mac/Documents/andifirwansyah/ai-trading-automation/src/bot_worker.py", line 101, in main
    if not mt5_connection.connect():
  File "/Users/mac/Documents/andifirwansyah/ai-trading-automation/src/infrastructure/mt5/mt5_connection.py", line 36, in connect
    self._require_mt5()
  File "/Users/mac/Documents/andifirwansyah/ai-trading-automation/src/infrastructure/mt5/mt5_connection.py", line 33, in _require_mt5
    raise RuntimeError("MetaTrader5 package is not available in this environment.")
RuntimeError: MetaTrader5 package is not available in this environment.
2026-05-27 18:21:51.813 | ERROR    | __main__:main:294 - Failed to shutdown MT5
Traceback (most recent call last):
  File "<frozen runpy>", line 198, in _run_module_as_main
  File "<frozen runpy>", line 88, in _run_code
  File "/Users/mac/Documents/andifirwansyah/ai-trading-automation/src/bot_worker.py", line 302, in <module>
    main()
> File "/Users/mac/Documents/andifirwansyah/ai-trading-automation/src/bot_worker.py", line 292, in main
    mt5_connection.shutdown()
  File "/Users/mac/Documents/andifirwansyah/ai-trading-automation/src/infrastructure/mt5/mt5_connection.py", line 41, in shutdown
    self._require_mt5()
  File "/Users/mac/Documents/andifirwansyah/ai-trading-automation/src/infrastructure/mt5/mt5_connection.py", line 33, in _require_mt5
    raise RuntimeError("MetaTrader5 package is not available in this environment.")
RuntimeError: MetaTrader5 package is not available in this environment.
2026-05-28 12:07:28.516 | INFO     | __main__:main:77 - Starting bot worker runtime wiring
2026-05-28 12:07:28.957 | INFO     | src.orchestrators.recovery_orchestrator:run_startup:56 - Recovery startup result: {'synced_positions': 0, 'kill_switch_active': False, 'daily_risk_state': {'trades_today': 0, 'realized_pnl_today': 0.0, 'consecutive_losses': 0}, 'interrupted_engine_runs': 0, 'pending_approvals': 0, 'duplicate_execution_risk': 0}
2026-05-28 12:07:28.962 | INFO     | __main__:main:281 - Bot worker running. Press Ctrl+C to stop.
2026-05-28 12:07:29.703 | WARNING  | src.orchestrators.trading_orchestrator:run_cycle:87 - Pipeline rejected at step=StrategySelector reason=LOW_VOLATILITY_NO_TRADE
2026-05-28 12:09:14.574 | WARNING  | src.orchestrators.trading_orchestrator:run_cycle:87 - Pipeline rejected at step=StrategySelector reason=LOW_VOLATILITY_NO_TRADE
2026-05-28 12:14:15.063 | WARNING  | src.orchestrators.trading_orchestrator:run_cycle:87 - Pipeline rejected at step=StrategySelector reason=LOW_VOLATILITY_NO_TRADE
2026-05-28 12:19:13.547 | WARNING  | src.orchestrators.trading_orchestrator:run_cycle:87 - Pipeline rejected at step=StrategySelector reason=LOW_VOLATILITY_NO_TRADE
2026-05-28 12:24:14.074 | WARNING  | src.orchestrators.trading_orchestrator:run_cycle:87 - Pipeline rejected at step=StrategySelector reason=LOW_VOLATILITY_NO_TRADE
2026-05-28 12:29:13.897 | WARNING  | src.orchestrators.trading_orchestrator:run_cycle:87 - Pipeline rejected at step=StrategySelector reason=LOW_VOLATILITY_NO_TRADE
2026-05-28 12:34:13.990 | WARNING  | src.orchestrators.trading_orchestrator:run_cycle:87 - Pipeline rejected at step=StrategySelector reason=LOW_VOLATILITY_NO_TRADE
2026-05-28 12:39:13.864 | WARNING  | src.orchestrators.trading_orchestrator:run_cycle:87 - Pipeline rejected at step=StrategySelector reason=LOW_VOLATILITY_NO_TRADE
2026-05-28 12:54:44.805 | WARNING  | src.orchestrators.trading_orchestrator:run_cycle:87 - Pipeline rejected at step=StrategySelector reason=LOW_VOLATILITY_NO_TRADE
2026-05-28 12:59:14.919 | WARNING  | src.orchestrators.trading_orchestrator:run_cycle:87 - Pipeline rejected at step=StrategySelector reason=LOW_VOLATILITY_NO_TRADE
2026-05-28 13:04:14.549 | WARNING  | src.orchestrators.trading_orchestrator:run_cycle:87 - Pipeline rejected at step=StrategySelector reason=LOW_VOLATILITY_NO_TRADE
2026-05-28 13:09:14.372 | WARNING  | src.orchestrators.trading_orchestrator:run_cycle:87 - Pipeline rejected at step=StrategySelector reason=LOW_VOLATILITY_NO_TRADE
2026-05-28 13:14:13.997 | WARNING  | src.orchestrators.trading_orchestrator:run_cycle:87 - Pipeline rejected at step=StrategySelector reason=LOW_VOLATILITY_NO_TRADE
2026-05-28 13:19:14.239 | WARNING  | src.orchestrators.trading_orchestrator:run_cycle:87 - Pipeline rejected at step=StrategySelector reason=LOW_VOLATILITY_NO_TRADE
2026-05-28 13:24:14.414 | WARNING  | src.orchestrators.trading_orchestrator:run_cycle:87 - Pipeline rejected at step=StrategySelector reason=LOW_VOLATILITY_NO_TRADE
2026-05-28 13:24:27.229 | INFO     | __main__:main:286 - KeyboardInterrupt received, stopping bot worker
2026-05-28 13:25:12.549 | INFO     | __main__:main:77 - Starting bot worker runtime wiring
2026-05-28 13:25:12.975 | INFO     | src.orchestrators.recovery_orchestrator:run_startup:56 - Recovery startup result: {'synced_positions': 0, 'kill_switch_active': False, 'daily_risk_state': {'trades_today': 0, 'realized_pnl_today': 0.0, 'consecutive_losses': 0}, 'interrupted_engine_runs': 0, 'pending_approvals': 0, 'duplicate_execution_risk': 0}
2026-05-28 13:25:12.981 | INFO     | __main__:main:281 - Bot worker running. Press Ctrl+C to stop.
2026-05-28 13:25:13.627 | WARNING  | src.orchestrators.trading_orchestrator:run_cycle:87 - Pipeline rejected at step=DataQualityGuard reason=DATA_QUALITY_FAILED
2026-05-28 13:29:13.264 | WARNING  | src.orchestrators.trading_orchestrator:run_cycle:87 - Pipeline rejected at step=StrategyEngine reason=NO_SIGNAL_GENERATED
2026-05-28 13:34:12.998 | WARNING  | src.orchestrators.trading_orchestrator:run_cycle:87 - Pipeline rejected at step=StrategyEngine reason=NO_SIGNAL_GENERATED
2026-05-28 13:39:12.655 | WARNING  | src.orchestrators.trading_orchestrator:run_cycle:87 - Pipeline rejected at step=StrategyEngine reason=NO_SIGNAL_GENERATED
2026-05-28 13:44:14.836 | WARNING  | src.orchestrators.trading_orchestrator:run_cycle:87 - Pipeline rejected at step=StrategyEngine reason=NO_SIGNAL_GENERATED
2026-05-28 13:49:15.192 | WARNING  | src.orchestrators.trading_orchestrator:run_cycle:87 - Pipeline rejected at step=StrategyEngine reason=NO_SIGNAL_GENERATED
2026-05-28 13:54:13.397 | WARNING  | src.orchestrators.trading_orchestrator:run_cycle:87 - Pipeline rejected at step=StrategyEngine reason=NO_SIGNAL_GENERATED
2026-05-28 13:59:13.618 | WARNING  | src.orchestrators.trading_orchestrator:run_cycle:87 - Pipeline rejected at step=StrategyEngine reason=NO_SIGNAL_GENERATED
2026-05-28 14:04:14.018 | WARNING  | src.orchestrators.trading_orchestrator:run_cycle:87 - Pipeline rejected at step=StrategyEngine reason=NO_SIGNAL_GENERATED
2026-05-28 14:09:14.565 | WARNING  | src.orchestrators.trading_orchestrator:run_cycle:87 - Pipeline rejected at step=StrategyEngine reason=NO_SIGNAL_GENERATED
2026-05-28 14:14:14.969 | WARNING  | src.orchestrators.trading_orchestrator:run_cycle:87 - Pipeline rejected at step=StrategyEngine reason=NO_SIGNAL_GENERATED
2026-05-28 14:19:12.951 | WARNING  | src.orchestrators.trading_orchestrator:run_cycle:87 - Pipeline rejected at step=KillSwitchMonitor reason=KILL_SWITCH_ACTIVE
2026-05-28 14:24:13.036 | WARNING  | src.orchestrators.trading_orchestrator:run_cycle:87 - Pipeline rejected at step=KillSwitchMonitor reason=KILL_SWITCH_ACTIVE
2026-05-28 14:29:13.016 | WARNING  | src.orchestrators.trading_orchestrator:run_cycle:87 - Pipeline rejected at step=KillSwitchMonitor reason=KILL_SWITCH_ACTIVE
2026-05-28 14:34:12.901 | WARNING  | src.orchestrators.trading_orchestrator:run_cycle:87 - Pipeline rejected at step=KillSwitchMonitor reason=KILL_SWITCH_ACTIVE
2026-05-28 14:39:12.902 | WARNING  | src.orchestrators.trading_orchestrator:run_cycle:87 - Pipeline rejected at step=KillSwitchMonitor reason=KILL_SWITCH_ACTIVE
2026-05-28 14:44:12.915 | WARNING  | src.orchestrators.trading_orchestrator:run_cycle:87 - Pipeline rejected at step=KillSwitchMonitor reason=KILL_SWITCH_ACTIVE
2026-05-28 14:49:12.506 | WARNING  | src.orchestrators.trading_orchestrator:run_cycle:87 - Pipeline rejected at step=KillSwitchMonitor reason=KILL_SWITCH_ACTIVE
2026-05-28 14:54:13.898 | WARNING  | src.orchestrators.trading_orchestrator:run_cycle:87 - Pipeline rejected at step=KillSwitchMonitor reason=KILL_SWITCH_ACTIVE
2026-05-28 14:59:13.259 | WARNING  | src.orchestrators.trading_orchestrator:run_cycle:87 - Pipeline rejected at step=KillSwitchMonitor reason=KILL_SWITCH_ACTIVE
2026-05-28 15:04:13.094 | WARNING  | src.orchestrators.trading_orchestrator:run_cycle:87 - Pipeline rejected at step=StrategySelector reason=CHOPPY_MARKET_NO_TRADE
2026-05-28 15:09:12.737 | WARNING  | src.orchestrators.trading_orchestrator:run_cycle:87 - Pipeline rejected at step=StrategySelector reason=CHOPPY_MARKET_NO_TRADE
2026-05-28 15:14:15.118 | WARNING  | src.orchestrators.trading_orchestrator:run_cycle:87 - Pipeline rejected at step=StrategySelector reason=CHOPPY_MARKET_NO_TRADE
2026-05-28 15:19:15.122 | WARNING  | src.orchestrators.trading_orchestrator:run_cycle:87 - Pipeline rejected at step=StrategySelector reason=CHOPPY_MARKET_NO_TRADE
2026-05-28 15:24:15.452 | WARNING  | src.orchestrators.trading_orchestrator:run_cycle:87 - Pipeline rejected at step=StrategySelector reason=CHOPPY_MARKET_NO_TRADE
2026-05-28 15:29:13.801 | WARNING  | src.orchestrators.trading_orchestrator:run_cycle:87 - Pipeline rejected at step=StrategySelector reason=CHOPPY_MARKET_NO_TRADE
2026-05-28 15:34:14.099 | WARNING  | src.orchestrators.trading_orchestrator:run_cycle:87 - Pipeline rejected at step=StrategySelector reason=CHOPPY_MARKET_NO_TRADE
2026-05-28 15:39:14.473 | WARNING  | src.orchestrators.trading_orchestrator:run_cycle:87 - Pipeline rejected at step=StrategySelector reason=CHOPPY_MARKET_NO_TRADE
2026-05-28 15:44:14.733 | WARNING  | src.orchestrators.trading_orchestrator:run_cycle:87 - Pipeline rejected at step=StrategySelector reason=CHOPPY_MARKET_NO_TRADE
2026-05-28 15:49:15.143 | WARNING  | src.orchestrators.trading_orchestrator:run_cycle:87 - Pipeline rejected at step=StrategySelector reason=CHOPPY_MARKET_NO_TRADE
2026-05-28 15:54:13.659 | WARNING  | src.orchestrators.trading_orchestrator:run_cycle:87 - Pipeline rejected at step=StrategySelector reason=CHOPPY_MARKET_NO_TRADE
2026-05-28 15:59:14.131 | WARNING  | src.orchestrators.trading_orchestrator:run_cycle:87 - Pipeline rejected at step=StrategySelector reason=CHOPPY_MARKET_NO_TRADE
2026-05-28 16:04:14.385 | WARNING  | src.orchestrators.trading_orchestrator:run_cycle:87 - Pipeline rejected at step=StrategySelector reason=CHOPPY_MARKET_NO_TRADE
2026-05-28 16:09:14.625 | WARNING  | src.orchestrators.trading_orchestrator:run_cycle:87 - Pipeline rejected at step=StrategySelector reason=CHOPPY_MARKET_NO_TRADE
2026-05-28 16:14:15.116 | WARNING  | src.orchestrators.trading_orchestrator:run_cycle:87 - Pipeline rejected at step=StrategySelector reason=CHOPPY_MARKET_NO_TRADE
2026-05-28 16:19:13.731 | WARNING  | src.orchestrators.trading_orchestrator:run_cycle:87 - Pipeline rejected at step=StrategySelector reason=CHOPPY_MARKET_NO_TRADE
2026-05-28 16:24:13.970 | WARNING  | src.orchestrators.trading_orchestrator:run_cycle:87 - Pipeline rejected at step=StrategySelector reason=CHOPPY_MARKET_NO_TRADE
2026-05-28 16:29:13.796 | WARNING  | src.orchestrators.trading_orchestrator:run_cycle:87 - Pipeline rejected at step=StrategySelector reason=CHOPPY_MARKET_NO_TRADE
2026-05-28 16:34:14.164 | WARNING  | src.orchestrators.trading_orchestrator:run_cycle:87 - Pipeline rejected at step=StrategySelector reason=CHOPPY_MARKET_NO_TRADE
2026-05-28 16:39:14.538 | WARNING  | src.orchestrators.trading_orchestrator:run_cycle:87 - Pipeline rejected at step=StrategySelector reason=CHOPPY_MARKET_NO_TRADE
2026-05-28 16:44:14.857 | WARNING  | src.orchestrators.trading_orchestrator:run_cycle:87 - Pipeline rejected at step=StrategySelector reason=CHOPPY_MARKET_NO_TRADE
2026-05-28 16:49:14.486 | WARNING  | src.orchestrators.trading_orchestrator:run_cycle:87 - Pipeline rejected at step=StrategySelector reason=CHOPPY_MARKET_NO_TRADE
2026-05-28 16:54:14.664 | WARNING  | src.orchestrators.trading_orchestrator:run_cycle:87 - Pipeline rejected at step=StrategySelector reason=CHOPPY_MARKET_NO_TRADE
2026-05-28 16:59:14.410 | WARNING  | src.orchestrators.trading_orchestrator:run_cycle:87 - Pipeline rejected at step=StrategySelector reason=LOW_VOLATILITY_NO_TRADE
2026-05-28 17:04:14.100 | WARNING  | src.orchestrators.trading_orchestrator:run_cycle:87 - Pipeline rejected at step=StrategySelector reason=LOW_VOLATILITY_NO_TRADE
2026-05-28 17:09:13.775 | WARNING  | src.orchestrators.trading_orchestrator:run_cycle:87 - Pipeline rejected at step=StrategySelector reason=LOW_VOLATILITY_NO_TRADE
2026-05-28 17:14:14.132 | WARNING  | src.orchestrators.trading_orchestrator:run_cycle:87 - Pipeline rejected at step=StrategySelector reason=LOW_VOLATILITY_NO_TRADE
2026-05-28 17:19:13.918 | WARNING  | src.orchestrators.trading_orchestrator:run_cycle:87 - Pipeline rejected at step=StrategyEngine reason=NO_SIGNAL_GENERATED
2026-05-28 17:24:13.790 | WARNING  | src.orchestrators.trading_orchestrator:run_cycle:87 - Pipeline rejected at step=StrategySelector reason=LOW_VOLATILITY_NO_TRADE
2026-05-28 17:29:14.204 | WARNING  | src.orchestrators.trading_orchestrator:run_cycle:87 - Pipeline rejected at step=StrategyEngine reason=NO_SIGNAL_GENERATED
2026-05-28 17:34:14.927 | WARNING  | src.orchestrators.trading_orchestrator:run_cycle:87 - Pipeline rejected at step=StrategySelector reason=LOW_VOLATILITY_NO_TRADE
2026-05-28 17:39:13.549 | WARNING  | src.orchestrators.trading_orchestrator:run_cycle:87 - Pipeline rejected at step=StrategySelector reason=LOW_VOLATILITY_NO_TRADE
2026-05-28 17:44:13.873 | WARNING  | src.orchestrators.trading_orchestrator:run_cycle:87 - Pipeline rejected at step=StrategySelector reason=LOW_VOLATILITY_NO_TRADE
2026-05-28 17:49:13.395 | WARNING  | src.orchestrators.trading_orchestrator:run_cycle:87 - Pipeline rejected at step=KillSwitchMonitor reason=KILL_SWITCH_ACTIVE
2026-05-28 17:54:14.070 | WARNING  | src.orchestrators.trading_orchestrator:run_cycle:87 - Pipeline rejected at step=StrategySelector reason=CHOPPY_MARKET_NO_TRADE
2026-05-28 17:59:13.871 | WARNING  | src.orchestrators.trading_orchestrator:run_cycle:87 - Pipeline rejected at step=StrategySelector reason=CHOPPY_MARKET_NO_TRADE
2026-05-28 18:04:13.597 | WARNING  | src.orchestrators.trading_orchestrator:run_cycle:87 - Pipeline rejected at step=StrategySelector reason=CHOPPY_MARKET_NO_TRADE
2026-05-28 18:09:15.397 | WARNING  | src.orchestrators.trading_orchestrator:run_cycle:87 - Pipeline rejected at step=StrategySelector reason=CHOPPY_MARKET_NO_TRADE
2026-05-28 18:14:13.171 | WARNING  | src.orchestrators.trading_orchestrator:run_cycle:87 - Pipeline rejected at step=StrategySelector reason=CHOPPY_MARKET_NO_TRADE
2026-05-28 18:19:12.931 | WARNING  | src.orchestrators.trading_orchestrator:run_cycle:87 - Pipeline rejected at step=StrategySelector reason=CHOPPY_MARKET_NO_TRADE
2026-05-28 18:24:15.005 | WARNING  | src.orchestrators.trading_orchestrator:run_cycle:87 - Pipeline rejected at step=StrategySelector reason=CHOPPY_MARKET_NO_TRADE
2026-05-28 18:29:12.681 | WARNING  | src.orchestrators.trading_orchestrator:run_cycle:87 - Pipeline rejected at step=StrategySelector reason=CHOPPY_MARKET_NO_TRADE
2026-05-28 18:34:14.447 | WARNING  | src.orchestrators.trading_orchestrator:run_cycle:87 - Pipeline rejected at step=StrategySelector reason=CHOPPY_MARKET_NO_TRADE
2026-05-28 18:39:14.678 | WARNING  | src.orchestrators.trading_orchestrator:run_cycle:87 - Pipeline rejected at step=StrategySelector reason=CHOPPY_MARKET_NO_TRADE
2026-05-28 18:44:14.593 | WARNING  | src.orchestrators.trading_orchestrator:run_cycle:87 - Pipeline rejected at step=StrategySelector reason=CHOPPY_MARKET_NO_TRADE
2026-05-28 18:49:14.926 | WARNING  | src.orchestrators.trading_orchestrator:run_cycle:87 - Pipeline rejected at step=StrategySelector reason=CHOPPY_MARKET_NO_TRADE
2026-05-28 18:54:13.383 | WARNING  | src.orchestrators.trading_orchestrator:run_cycle:87 - Pipeline rejected at step=StrategyEngine reason=NO_SIGNAL_GENERATED
2026-05-28 18:59:13.834 | WARNING  | src.orchestrators.trading_orchestrator:run_cycle:87 - Pipeline rejected at step=StrategyEngine reason=NO_SIGNAL_GENERATED
2026-05-28 19:04:14.329 | WARNING  | src.orchestrators.trading_orchestrator:run_cycle:87 - Pipeline rejected at step=StrategySelector reason=LOW_VOLATILITY_NO_TRADE
2026-05-28 19:09:14.803 | WARNING  | src.orchestrators.trading_orchestrator:run_cycle:87 - Pipeline rejected at step=StrategySelector reason=CHOPPY_MARKET_NO_TRADE
2026-05-28 19:14:15.365 | WARNING  | src.orchestrators.trading_orchestrator:run_cycle:87 - Pipeline rejected at step=StrategySelector reason=CHOPPY_MARKET_NO_TRADE
2026-05-28 19:19:13.794 | WARNING  | src.orchestrators.trading_orchestrator:run_cycle:87 - Pipeline rejected at step=StrategySelector reason=CHOPPY_MARKET_NO_TRADE
2026-05-28 19:24:14.176 | WARNING  | src.orchestrators.trading_orchestrator:run_cycle:87 - Pipeline rejected at step=StrategySelector reason=CHOPPY_MARKET_NO_TRADE
2026-05-28 19:29:14.728 | WARNING  | src.orchestrators.trading_orchestrator:run_cycle:87 - Pipeline rejected at step=StrategyEngine reason=NO_SIGNAL_GENERATED
2026-05-28 19:34:15.139 | WARNING  | src.orchestrators.trading_orchestrator:run_cycle:87 - Pipeline rejected at step=StrategyEngine reason=NO_SIGNAL_GENERATED
2026-05-28 19:39:13.897 | WARNING  | src.orchestrators.trading_orchestrator:run_cycle:87 - Pipeline rejected at step=StrategySelector reason=CHOPPY_MARKET_NO_TRADE
2026-05-28 19:44:14.364 | WARNING  | src.orchestrators.trading_orchestrator:run_cycle:87 - Pipeline rejected at step=StrategySelector reason=CHOPPY_MARKET_NO_TRADE
2026-05-28 19:49:14.768 | WARNING  | src.orchestrators.trading_orchestrator:run_cycle:87 - Pipeline rejected at step=StrategySelector reason=CHOPPY_MARKET_NO_TRADE
2026-05-28 19:54:15.250 | WARNING  | src.orchestrators.trading_orchestrator:run_cycle:87 - Pipeline rejected at step=StrategyEngine reason=NO_SIGNAL_GENERATED
2026-05-28 19:59:13.213 | WARNING  | src.orchestrators.trading_orchestrator:run_cycle:87 - Pipeline rejected at step=StrategyEngine reason=NO_SIGNAL_GENERATED
2026-05-28 20:04:13.398 | WARNING  | src.orchestrators.trading_orchestrator:run_cycle:87 - Pipeline rejected at step=StrategyEngine reason=NO_SIGNAL_GENERATED
2026-05-28 20:09:17.360 | WARNING  | src.orchestrators.trading_orchestrator:run_cycle:87 - Pipeline rejected at step=StrategyEngine reason=NO_SIGNAL_GENERATED
2026-05-28 20:14:12.954 | WARNING  | src.orchestrators.trading_orchestrator:run_cycle:87 - Pipeline rejected at step=StrategyEngine reason=NO_SIGNAL_GENERATED
2026-05-28 20:19:14.623 | WARNING  | src.orchestrators.trading_orchestrator:run_cycle:87 - Pipeline rejected at step=StrategyEngine reason=NO_SIGNAL_GENERATED
2026-05-28 20:24:14.308 | WARNING  | src.orchestrators.trading_orchestrator:run_cycle:87 - Pipeline rejected at step=StrategyEngine reason=NO_SIGNAL_GENERATED
2026-05-28 20:29:13.920 | WARNING  | src.orchestrators.trading_orchestrator:run_cycle:87 - Pipeline rejected at step=StrategyEngine reason=NO_SIGNAL_GENERATED
2026-05-28 20:34:13.876 | WARNING  | src.orchestrators.trading_orchestrator:run_cycle:87 - Pipeline rejected at step=StrategyEngine reason=NO_SIGNAL_GENERATED
2026-05-28 20:39:13.828 | WARNING  | src.orchestrators.trading_orchestrator:run_cycle:87 - Pipeline rejected at step=StrategyEngine reason=NO_SIGNAL_GENERATED
2026-05-28 20:44:13.908 | WARNING  | src.orchestrators.trading_orchestrator:run_cycle:87 - Pipeline rejected at step=StrategyEngine reason=NO_SIGNAL_GENERATED
2026-05-28 20:49:14.146 | WARNING  | src.orchestrators.trading_orchestrator:run_cycle:87 - Pipeline rejected at step=StrategyEngine reason=NO_SIGNAL_GENERATED
2026-05-28 20:54:14.471 | WARNING  | src.orchestrators.trading_orchestrator:run_cycle:87 - Pipeline rejected at step=StrategyEngine reason=NO_SIGNAL_GENERATED
2026-05-28 20:59:14.516 | WARNING  | src.orchestrators.trading_orchestrator:run_cycle:87 - Pipeline rejected at step=StrategyEngine reason=NO_SIGNAL_GENERATED
2026-05-28 21:04:14.991 | WARNING  | src.orchestrators.trading_orchestrator:run_cycle:87 - Pipeline rejected at step=StrategyEngine reason=NO_SIGNAL_GENERATED
2026-05-28 21:09:13.393 | WARNING  | src.orchestrators.trading_orchestrator:run_cycle:87 - Pipeline rejected at step=StrategyEngine reason=NO_SIGNAL_GENERATED
2026-05-28 21:11:23.884 | INFO     | __main__:main:286 - KeyboardInterrupt received, stopping bot worker
2026-05-28 21:11:28.722 | INFO     | __main__:main:77 - Starting bot worker runtime wiring
2026-05-28 21:11:29.536 | INFO     | src.orchestrators.recovery_orchestrator:run_startup:56 - Recovery startup result: {'synced_positions': 0, 'kill_switch_active': False, 'daily_risk_state': {'trades_today': 0, 'realized_pnl_today': 0.0, 'consecutive_losses': 0}, 'interrupted_engine_runs': 0, 'pending_approvals': 0, 'duplicate_execution_risk': 0}
2026-05-28 21:11:29.543 | INFO     | __main__:main:281 - Bot worker running. Press Ctrl+C to stop.
2026-05-28 21:11:30.168 | WARNING  | src.orchestrators.trading_orchestrator:run_cycle:87 - Pipeline rejected at step=DataQualityGuard reason=DATA_QUALITY_FAILED
2026-05-28 21:14:13.667 | WARNING  | src.orchestrators.trading_orchestrator:run_cycle:87 - Pipeline rejected at step=StrategyEngine reason=NO_SIGNAL_GENERATED
2026-05-28 21:19:13.782 | WARNING  | src.orchestrators.trading_orchestrator:run_cycle:87 - Pipeline rejected at step=StrategyEngine reason=NO_SIGNAL_GENERATED
2026-05-28 21:24:14.210 | WARNING  | src.orchestrators.trading_orchestrator:run_cycle:87 - Pipeline rejected at step=StrategyEngine reason=NO_SIGNAL_GENERATED
2026-05-28 21:29:13.974 | WARNING  | src.orchestrators.trading_orchestrator:run_cycle:87 - Pipeline rejected at step=StrategyEngine reason=NO_SIGNAL_GENERATED
2026-05-28 21:34:14.285 | WARNING  | src.orchestrators.trading_orchestrator:run_cycle:87 - Pipeline rejected at step=StrategyEngine reason=NO_SIGNAL_GENERATED
2026-05-28 21:39:14.357 | WARNING  | src.orchestrators.trading_orchestrator:run_cycle:87 - Pipeline rejected at step=StrategyEngine reason=NO_SIGNAL_GENERATED
2026-05-28 21:44:14.562 | WARNING  | src.orchestrators.trading_orchestrator:run_cycle:87 - Pipeline rejected at step=StrategyEngine reason=NO_SIGNAL_GENERATED
2026-05-28 21:49:14.876 | WARNING  | src.orchestrators.trading_orchestrator:run_cycle:87 - Pipeline rejected at step=StrategyEngine reason=NO_SIGNAL_GENERATED
2026-05-28 21:54:15.226 | WARNING  | src.orchestrators.trading_orchestrator:run_cycle:87 - Pipeline rejected at step=StrategyEngine reason=NO_SIGNAL_GENERATED
2026-05-28 21:59:13.346 | WARNING  | src.orchestrators.trading_orchestrator:run_cycle:87 - Pipeline rejected at step=StrategyEngine reason=NO_SIGNAL_GENERATED
2026-05-28 22:04:13.095 | WARNING  | src.orchestrators.trading_orchestrator:run_cycle:87 - Pipeline rejected at step=StrategyEngine reason=NO_SIGNAL_GENERATED
2026-05-28 22:09:12.956 | WARNING  | src.orchestrators.trading_orchestrator:run_cycle:87 - Pipeline rejected at step=StrategyEngine reason=NO_SIGNAL_GENERATED
2026-05-28 22:14:14.694 | WARNING  | src.orchestrators.trading_orchestrator:run_cycle:87 - Pipeline rejected at step=StrategyEngine reason=NO_SIGNAL_GENERATED
2026-05-28 22:19:14.544 | WARNING  | src.orchestrators.trading_orchestrator:run_cycle:87 - Pipeline rejected at step=StrategyEngine reason=NO_SIGNAL_GENERATED
2026-05-28 22:24:14.351 | WARNING  | src.orchestrators.trading_orchestrator:run_cycle:87 - Pipeline rejected at step=StrategyEngine reason=NO_SIGNAL_GENERATED
2026-05-28 22:29:14.143 | WARNING  | src.orchestrators.trading_orchestrator:run_cycle:87 - Pipeline rejected at step=StrategyEngine reason=NO_SIGNAL_GENERATED
2026-05-28 22:34:13.939 | WARNING  | src.orchestrators.trading_orchestrator:run_cycle:87 - Pipeline rejected at step=StrategyEngine reason=NO_SIGNAL_GENERATED
2026-05-28 22:39:13.677 | WARNING  | src.orchestrators.trading_orchestrator:run_cycle:87 - Pipeline rejected at step=StrategyEngine reason=NO_SIGNAL_GENERATED
2026-05-28 22:44:13.490 | WARNING  | src.orchestrators.trading_orchestrator:run_cycle:87 - Pipeline rejected at step=StrategyEngine reason=NO_SIGNAL_GENERATED
2026-05-28 22:49:13.252 | WARNING  | src.orchestrators.trading_orchestrator:run_cycle:87 - Pipeline rejected at step=StrategyEngine reason=NO_SIGNAL_GENERATED
2026-05-28 22:54:12.995 | WARNING  | src.orchestrators.trading_orchestrator:run_cycle:87 - Pipeline rejected at step=StrategyEngine reason=NO_SIGNAL_GENERATED
2026-05-28 22:59:13.287 | WARNING  | src.orchestrators.trading_orchestrator:run_cycle:87 - Pipeline rejected at step=StrategyEngine reason=NO_SIGNAL_GENERATED
2026-05-28 23:04:13.481 | WARNING  | src.orchestrators.trading_orchestrator:run_cycle:87 - Pipeline rejected at step=StrategyEngine reason=NO_SIGNAL_GENERATED
2026-05-28 23:09:13.744 | WARNING  | src.orchestrators.trading_orchestrator:run_cycle:87 - Pipeline rejected at step=StrategyEngine reason=NO_SIGNAL_GENERATED
2026-05-28 23:14:13.905 | WARNING  | src.orchestrators.trading_orchestrator:run_cycle:87 - Pipeline rejected at step=StrategyEngine reason=NO_SIGNAL_GENERATED
2026-05-28 23:19:14.068 | WARNING  | src.orchestrators.trading_orchestrator:run_cycle:87 - Pipeline rejected at step=StrategyEngine reason=NO_SIGNAL_GENERATED
2026-05-28 23:24:14.179 | WARNING  | src.orchestrators.trading_orchestrator:run_cycle:87 - Pipeline rejected at step=StrategyEngine reason=NO_SIGNAL_GENERATED
2026-05-28 23:29:14.427 | WARNING  | src.orchestrators.trading_orchestrator:run_cycle:87 - Pipeline rejected at step=StrategyEngine reason=NO_SIGNAL_GENERATED
2026-05-28 23:34:14.663 | WARNING  | src.orchestrators.trading_orchestrator:run_cycle:87 - Pipeline rejected at step=StrategyEngine reason=NO_SIGNAL_GENERATED
2026-05-28 23:39:14.854 | WARNING  | src.orchestrators.trading_orchestrator:run_cycle:87 - Pipeline rejected at step=StrategyEngine reason=NO_SIGNAL_GENERATED
2026-05-28 23:41:51.494 | INFO     | __main__:main:286 - KeyboardInterrupt received, stopping bot worker
2026-05-29 15:50:10.622 | INFO     | __main__:main:77 - Starting bot worker runtime wiring
2026-05-29 15:50:11.773 | INFO     | src.orchestrators.recovery_orchestrator:run_startup:56 - Recovery startup result: {'synced_positions': 0, 'kill_switch_active': False, 'daily_risk_state': {'trades_today': 0, 'realized_pnl_today': 0.0, 'consecutive_losses': 0}, 'interrupted_engine_runs': 0, 'pending_approvals': 0, 'duplicate_execution_risk': 0}
2026-05-29 15:50:11.783 | INFO     | __main__:main:281 - Bot worker running. Press Ctrl+C to stop.
2026-05-29 15:50:12.572 | WARNING  | src.orchestrators.trading_orchestrator:run_cycle:87 - Pipeline rejected at step=StrategySelector reason=LOW_VOLATILITY_NO_TRADE
2026-05-29 15:54:14.475 | WARNING  | src.orchestrators.trading_orchestrator:run_cycle:87 - Pipeline rejected at step=StrategySelector reason=LOW_VOLATILITY_NO_TRADE
2026-05-29 15:59:14.887 | WARNING  | src.orchestrators.trading_orchestrator:run_cycle:87 - Pipeline rejected at step=StrategySelector reason=LOW_VOLATILITY_NO_TRADE
2026-05-29 16:04:13.488 | WARNING  | src.orchestrators.trading_orchestrator:run_cycle:87 - Pipeline rejected at step=StrategySelector reason=LOW_VOLATILITY_NO_TRADE
2026-05-29 16:09:14.123 | WARNING  | src.orchestrators.trading_orchestrator:run_cycle:87 - Pipeline rejected at step=StrategySelector reason=LOW_VOLATILITY_NO_TRADE
2026-05-29 16:14:14.746 | WARNING  | src.orchestrators.trading_orchestrator:run_cycle:87 - Pipeline rejected at step=StrategySelector reason=LOW_VOLATILITY_NO_TRADE
2026-05-29 16:19:13.343 | WARNING  | src.orchestrators.trading_orchestrator:run_cycle:87 - Pipeline rejected at step=StrategySelector reason=LOW_VOLATILITY_NO_TRADE
2026-05-29 16:24:13.756 | WARNING  | src.orchestrators.trading_orchestrator:run_cycle:87 - Pipeline rejected at step=StrategyEngine reason=NO_SIGNAL_GENERATED
2026-05-29 16:29:13.827 | WARNING  | src.orchestrators.trading_orchestrator:run_cycle:87 - Pipeline rejected at step=StrategySelector reason=LOW_VOLATILITY_NO_TRADE
2026-05-29 16:34:14.588 | WARNING  | src.orchestrators.trading_orchestrator:run_cycle:87 - Pipeline rejected at step=StrategyEngine reason=NO_SIGNAL_GENERATED
2026-05-29 16:39:15.162 | WARNING  | src.orchestrators.trading_orchestrator:run_cycle:87 - Pipeline rejected at step=StrategyEngine reason=NO_SIGNAL_GENERATED
2026-05-29 16:44:15.565 | WARNING  | src.orchestrators.trading_orchestrator:run_cycle:87 - Pipeline rejected at step=StrategyEngine reason=NO_SIGNAL_GENERATED
2026-05-29 16:49:14.212 | WARNING  | src.orchestrators.trading_orchestrator:run_cycle:87 - Pipeline rejected at step=StrategyEngine reason=NO_SIGNAL_GENERATED
2026-05-29 16:54:14.756 | WARNING  | src.orchestrators.trading_orchestrator:run_cycle:87 - Pipeline rejected at step=StrategyEngine reason=NO_SIGNAL_GENERATED
2026-05-29 16:59:15.136 | WARNING  | src.orchestrators.trading_orchestrator:run_cycle:87 - Pipeline rejected at step=StrategyEngine reason=NO_SIGNAL_GENERATED
2026-05-29 17:04:15.565 | WARNING  | src.orchestrators.trading_orchestrator:run_cycle:87 - Pipeline rejected at step=StrategyEngine reason=NO_SIGNAL_GENERATED
2026-05-29 17:09:13.964 | WARNING  | src.orchestrators.trading_orchestrator:run_cycle:87 - Pipeline rejected at step=StrategyEngine reason=NO_SIGNAL_GENERATED
2026-05-29 17:14:14.734 | WARNING  | src.orchestrators.trading_orchestrator:run_cycle:87 - Pipeline rejected at step=StrategyEngine reason=NO_SIGNAL_GENERATED
2026-05-29 17:19:15.334 | WARNING  | src.orchestrators.trading_orchestrator:run_cycle:87 - Pipeline rejected at step=StrategyEngine reason=NO_SIGNAL_GENERATED
2026-05-29 17:24:15.739 | WARNING  | src.orchestrators.trading_orchestrator:run_cycle:87 - Pipeline rejected at step=StrategyEngine reason=NO_SIGNAL_GENERATED
2026-05-29 17:29:14.305 | WARNING  | src.orchestrators.trading_orchestrator:run_cycle:87 - Pipeline rejected at step=StrategyEngine reason=NO_SIGNAL_GENERATED
2026-05-29 17:34:15.058 | WARNING  | src.orchestrators.trading_orchestrator:run_cycle:87 - Pipeline rejected at step=StrategyEngine reason=NO_SIGNAL_GENERATED
2026-05-29 17:39:13.972 | WARNING  | src.orchestrators.trading_orchestrator:run_cycle:87 - Pipeline rejected at step=StrategyEngine reason=NO_SIGNAL_GENERATED
2026-05-29 17:44:14.658 | WARNING  | src.orchestrators.trading_orchestrator:run_cycle:87 - Pipeline rejected at step=StrategyEngine reason=NO_SIGNAL_GENERATED
2026-05-29 17:49:15.138 | WARNING  | src.orchestrators.trading_orchestrator:run_cycle:87 - Pipeline rejected at step=StrategyEngine reason=NO_SIGNAL_GENERATED
2026-05-29 17:54:15.757 | WARNING  | src.orchestrators.trading_orchestrator:run_cycle:87 - Pipeline rejected at step=StrategyEngine reason=NO_SIGNAL_GENERATED
2026-05-29 17:59:14.204 | WARNING  | src.orchestrators.trading_orchestrator:run_cycle:87 - Pipeline rejected at step=StrategyEngine reason=NO_SIGNAL_GENERATED
2026-05-29 18:04:14.664 | WARNING  | src.orchestrators.trading_orchestrator:run_cycle:87 - Pipeline rejected at step=StrategyEngine reason=NO_SIGNAL_GENERATED
2026-05-29 18:09:15.377 | WARNING  | src.orchestrators.trading_orchestrator:run_cycle:87 - Pipeline rejected at step=StrategyEngine reason=NO_SIGNAL_GENERATED
2026-05-29 18:14:14.090 | WARNING  | src.orchestrators.trading_orchestrator:run_cycle:87 - Pipeline rejected at step=StrategyEngine reason=NO_SIGNAL_GENERATED
2026-05-29 18:19:14.606 | WARNING  | src.orchestrators.trading_orchestrator:run_cycle:87 - Pipeline rejected at step=StrategyEngine reason=NO_SIGNAL_GENERATED
2026-05-29 18:24:15.136 | WARNING  | src.orchestrators.trading_orchestrator:run_cycle:87 - Pipeline rejected at step=StrategyEngine reason=NO_SIGNAL_GENERATED
2026-05-29 18:29:15.566 | WARNING  | src.orchestrators.trading_orchestrator:run_cycle:87 - Pipeline rejected at step=StrategyEngine reason=NO_SIGNAL_GENERATED
2026-05-29 18:34:14.255 | WARNING  | src.orchestrators.trading_orchestrator:run_cycle:87 - Pipeline rejected at step=StrategyEngine reason=NO_SIGNAL_GENERATED
2026-05-29 18:39:15.125 | WARNING  | src.orchestrators.trading_orchestrator:run_cycle:87 - Pipeline rejected at step=StrategyEngine reason=NO_SIGNAL_GENERATED
2026-05-29 18:44:16.009 | WARNING  | src.orchestrators.trading_orchestrator:run_cycle:87 - Pipeline rejected at step=StrategyEngine reason=NO_SIGNAL_GENERATED
2026-05-29 18:49:14.691 | WARNING  | src.orchestrators.trading_orchestrator:run_cycle:87 - Pipeline rejected at step=StrategyEngine reason=NO_SIGNAL_GENERATED
2026-05-29 18:54:15.425 | WARNING  | src.orchestrators.trading_orchestrator:run_cycle:87 - Pipeline rejected at step=StrategyEngine reason=NO_SIGNAL_GENERATED
2026-05-29 18:59:14.141 | WARNING  | src.orchestrators.trading_orchestrator:run_cycle:87 - Pipeline rejected at step=StrategyEngine reason=NO_SIGNAL_GENERATED
2026-05-29 19:04:14.837 | WARNING  | src.orchestrators.trading_orchestrator:run_cycle:87 - Pipeline rejected at step=StrategyEngine reason=NO_SIGNAL_GENERATED
2026-05-29 19:09:15.274 | WARNING  | src.orchestrators.trading_orchestrator:run_cycle:87 - Pipeline rejected at step=StrategySelector reason=LOW_VOLATILITY_NO_TRADE
2026-05-29 19:14:13.890 | WARNING  | src.orchestrators.trading_orchestrator:run_cycle:87 - Pipeline rejected at step=StrategyEngine reason=NO_SIGNAL_GENERATED
2026-05-29 19:19:14.542 | WARNING  | src.orchestrators.trading_orchestrator:run_cycle:87 - Pipeline rejected at step=StrategySelector reason=LOW_VOLATILITY_NO_TRADE
2026-05-29 19:24:15.066 | WARNING  | src.orchestrators.trading_orchestrator:run_cycle:87 - Pipeline rejected at step=StrategySelector reason=LOW_VOLATILITY_NO_TRADE
2026-05-29 19:29:15.726 | WARNING  | src.orchestrators.trading_orchestrator:run_cycle:87 - Pipeline rejected at step=StrategyEngine reason=NO_SIGNAL_GENERATED
2026-05-29 19:34:14.374 | WARNING  | src.orchestrators.trading_orchestrator:run_cycle:87 - Pipeline rejected at step=StrategyEngine reason=NO_SIGNAL_GENERATED
2026-05-29 19:39:15.132 | WARNING  | src.orchestrators.trading_orchestrator:run_cycle:87 - Pipeline rejected at step=StrategySelector reason=CHOPPY_MARKET_NO_TRADE
2026-05-29 19:44:13.742 | WARNING  | src.orchestrators.trading_orchestrator:run_cycle:87 - Pipeline rejected at step=StrategySelector reason=CHOPPY_MARKET_NO_TRADE
2026-05-29 19:49:14.829 | WARNING  | src.orchestrators.trading_orchestrator:run_cycle:87 - Pipeline rejected at step=StrategySelector reason=CHOPPY_MARKET_NO_TRADE
2026-05-29 19:54:15.334 | WARNING  | src.orchestrators.trading_orchestrator:run_cycle:87 - Pipeline rejected at step=StrategySelector reason=CHOPPY_MARKET_NO_TRADE
2026-05-29 19:59:16.030 | WARNING  | src.orchestrators.trading_orchestrator:run_cycle:87 - Pipeline rejected at step=StrategySelector reason=CHOPPY_MARKET_NO_TRADE
2026-05-29 20:04:14.689 | WARNING  | src.orchestrators.trading_orchestrator:run_cycle:87 - Pipeline rejected at step=StrategySelector reason=CHOPPY_MARKET_NO_TRADE
2026-05-29 20:09:15.220 | WARNING  | src.orchestrators.trading_orchestrator:run_cycle:87 - Pipeline rejected at step=StrategySelector reason=CHOPPY_MARKET_NO_TRADE
2026-05-29 20:14:15.980 | WARNING  | src.orchestrators.trading_orchestrator:run_cycle:87 - Pipeline rejected at step=StrategySelector reason=CHOPPY_MARKET_NO_TRADE
2026-05-29 20:19:14.811 | WARNING  | src.orchestrators.trading_orchestrator:run_cycle:87 - Pipeline rejected at step=StrategySelector reason=CHOPPY_MARKET_NO_TRADE
2026-05-29 20:24:15.475 | WARNING  | src.orchestrators.trading_orchestrator:run_cycle:87 - Pipeline rejected at step=StrategySelector reason=CHOPPY_MARKET_NO_TRADE
2026-05-29 20:29:14.447 | WARNING  | src.orchestrators.trading_orchestrator:run_cycle:87 - Pipeline rejected at step=StrategySelector reason=CHOPPY_MARKET_NO_TRADE
2026-05-29 20:34:15.092 | WARNING  | src.orchestrators.trading_orchestrator:run_cycle:87 - Pipeline rejected at step=StrategySelector reason=CHOPPY_MARKET_NO_TRADE
2026-05-29 20:39:15.603 | WARNING  | src.orchestrators.trading_orchestrator:run_cycle:87 - Pipeline rejected at step=StrategySelector reason=CHOPPY_MARKET_NO_TRADE
2026-05-29 20:44:14.283 | WARNING  | src.orchestrators.trading_orchestrator:run_cycle:87 - Pipeline rejected at step=StrategySelector reason=CHOPPY_MARKET_NO_TRADE
2026-05-29 20:49:15.228 | WARNING  | src.orchestrators.trading_orchestrator:run_cycle:87 - Pipeline rejected at step=StrategySelector reason=CHOPPY_MARKET_NO_TRADE
2026-05-29 20:54:15.520 | WARNING  | src.orchestrators.trading_orchestrator:run_cycle:87 - Pipeline rejected at step=StrategySelector reason=CHOPPY_MARKET_NO_TRADE
2026-05-29 20:59:14.254 | WARNING  | src.orchestrators.trading_orchestrator:run_cycle:87 - Pipeline rejected at step=StrategyEngine reason=NO_SIGNAL_GENERATED
2026-05-29 21:04:15.105 | WARNING  | src.orchestrators.trading_orchestrator:run_cycle:87 - Pipeline rejected at step=StrategyEngine reason=NO_SIGNAL_GENERATED
2026-05-29 21:09:16.350 | WARNING  | src.orchestrators.trading_orchestrator:run_cycle:87 - Pipeline rejected at step=StrategyEngine reason=NO_SIGNAL_GENERATED
2026-05-29 21:14:14.969 | WARNING  | src.orchestrators.trading_orchestrator:run_cycle:87 - Pipeline rejected at step=StrategyEngine reason=NO_SIGNAL_GENERATED
2026-05-29 21:19:15.636 | WARNING  | src.orchestrators.trading_orchestrator:run_cycle:87 - Pipeline rejected at step=StrategyEngine reason=NO_SIGNAL_GENERATED
2026-05-29 21:24:14.821 | WARNING  | src.orchestrators.trading_orchestrator:run_cycle:87 - Pipeline rejected at step=StrategyEngine reason=NO_SIGNAL_GENERATED
2026-05-29 21:29:15.622 | WARNING  | src.orchestrators.trading_orchestrator:run_cycle:87 - Pipeline rejected at step=StrategyEngine reason=NO_SIGNAL_GENERATED
2026-05-29 21:34:14.237 | WARNING  | src.orchestrators.trading_orchestrator:run_cycle:87 - Pipeline rejected at step=StrategyEngine reason=NO_SIGNAL_GENERATED
2026-05-29 21:39:14.975 | WARNING  | src.orchestrators.trading_orchestrator:run_cycle:87 - Pipeline rejected at step=StrategyEngine reason=NO_SIGNAL_GENERATED
2026-05-29 21:44:15.625 | WARNING  | src.orchestrators.trading_orchestrator:run_cycle:87 - Pipeline rejected at step=StrategyEngine reason=NO_SIGNAL_GENERATED
2026-05-29 21:49:14.303 | WARNING  | src.orchestrators.trading_orchestrator:run_cycle:87 - Pipeline rejected at step=StrategyEngine reason=NO_SIGNAL_GENERATED
2026-05-29 21:54:14.756 | WARNING  | src.orchestrators.trading_orchestrator:run_cycle:87 - Pipeline rejected at step=StrategyEngine reason=NO_SIGNAL_GENERATED
2026-05-29 21:59:15.698 | WARNING  | src.orchestrators.trading_orchestrator:run_cycle:87 - Pipeline rejected at step=StrategyEngine reason=NO_SIGNAL_GENERATED
2026-05-29 22:04:14.334 | WARNING  | src.orchestrators.trading_orchestrator:run_cycle:87 - Pipeline rejected at step=StrategyEngine reason=NO_SIGNAL_GENERATED
2026-05-29 22:09:15.798 | WARNING  | src.orchestrators.trading_orchestrator:run_cycle:87 - Pipeline rejected at step=StrategyEngine reason=NO_SIGNAL_GENERATED
2026-05-29 22:14:15.862 | WARNING  | src.orchestrators.trading_orchestrator:run_cycle:87 - Pipeline rejected at step=StrategyEngine reason=NO_SIGNAL_GENERATED
2026-05-29 22:19:15.011 | WARNING  | src.orchestrators.trading_orchestrator:run_cycle:87 - Pipeline rejected at step=StrategyEngine reason=NO_SIGNAL_GENERATED
2026-05-29 22:24:15.954 | WARNING  | src.orchestrators.trading_orchestrator:run_cycle:87 - Pipeline rejected at step=StrategyEngine reason=NO_SIGNAL_GENERATED
2026-05-29 22:29:14.528 | WARNING  | src.orchestrators.trading_orchestrator:run_cycle:87 - Pipeline rejected at step=StrategyEngine reason=NO_SIGNAL_GENERATED
2026-05-29 22:34:15.157 | WARNING  | src.orchestrators.trading_orchestrator:run_cycle:87 - Pipeline rejected at step=StrategyEngine reason=NO_SIGNAL_GENERATED
2026-05-29 22:39:14.167 | WARNING  | src.orchestrators.trading_orchestrator:run_cycle:87 - Pipeline rejected at step=StrategyEngine reason=NO_SIGNAL_GENERATED
2026-05-29 22:44:15.191 | WARNING  | src.orchestrators.trading_orchestrator:run_cycle:87 - Pipeline rejected at step=StrategyEngine reason=NO_SIGNAL_GENERATED
2026-05-29 22:45:46.610 | INFO     | __main__:main:286 - KeyboardInterrupt received, stopping bot worker
2026-05-29 22:45:54.670 | INFO     | __main__:main:77 - Starting bot worker runtime wiring
2026-05-29 22:45:59.368 | INFO     | src.orchestrators.recovery_orchestrator:run_startup:56 - Recovery startup result: {'synced_positions': 0, 'kill_switch_active': False, 'daily_risk_state': {'trades_today': 0, 'realized_pnl_today': 0.0, 'consecutive_losses': 0}, 'interrupted_engine_runs': 0, 'pending_approvals': 0, 'duplicate_execution_risk': 0}
2026-05-29 22:45:59.386 | INFO     | __main__:main:281 - Bot worker running. Press Ctrl+C to stop.
2026-05-29 22:46:01.366 | WARNING  | src.orchestrators.trading_orchestrator:run_cycle:87 - Pipeline rejected at step=DataQualityGuard reason=DATA_QUALITY_FAILED
2026-05-29 22:49:14.812 | WARNING  | src.orchestrators.trading_orchestrator:run_cycle:87 - Pipeline rejected at step=StrategyEngine reason=NO_SIGNAL_GENERATED
2026-05-29 22:54:14.726 | WARNING  | src.orchestrators.trading_orchestrator:run_cycle:87 - Pipeline rejected at step=StrategyEngine reason=NO_SIGNAL_GENERATED
2026-05-29 22:59:15.151 | WARNING  | src.orchestrators.trading_orchestrator:run_cycle:87 - Pipeline rejected at step=StrategyEngine reason=NO_SIGNAL_GENERATED
2026-05-29 23:04:15.066 | WARNING  | src.orchestrators.trading_orchestrator:run_cycle:87 - Pipeline rejected at step=StrategyEngine reason=NO_SIGNAL_GENERATED
2026-05-29 23:09:15.765 | WARNING  | src.orchestrators.trading_orchestrator:run_cycle:87 - Pipeline rejected at step=StrategyEngine reason=NO_SIGNAL_GENERATED
2026-05-29 23:14:14.504 | WARNING  | src.orchestrators.trading_orchestrator:run_cycle:87 - Pipeline rejected at step=StrategyEngine reason=NO_SIGNAL_GENERATED
2026-05-29 23:19:14.977 | WARNING  | src.orchestrators.trading_orchestrator:run_cycle:87 - Pipeline rejected at step=StrategyEngine reason=NO_SIGNAL_GENERATED
2026-05-29 23:24:16.170 | WARNING  | src.orchestrators.trading_orchestrator:run_cycle:87 - Pipeline rejected at step=BrokerHealthCheck reason=BROKER_HEALTH_FAILED
2026-05-29 23:29:14.766 | WARNING  | src.orchestrators.trading_orchestrator:run_cycle:87 - Pipeline rejected at step=StrategyEngine reason=NO_SIGNAL_GENERATED
2026-05-29 23:34:15.570 | WARNING  | src.orchestrators.trading_orchestrator:run_cycle:87 - Pipeline rejected at step=StrategyEngine reason=NO_SIGNAL_GENERATED
2026-05-29 23:39:16.318 | WARNING  | src.orchestrators.trading_orchestrator:run_cycle:87 - Pipeline rejected at step=StrategyEngine reason=NO_SIGNAL_GENERATED
2026-05-29 23:44:15.328 | WARNING  | src.orchestrators.trading_orchestrator:run_cycle:87 - Pipeline rejected at step=StrategyEngine reason=NO_SIGNAL_GENERATED
2026-05-29 23:49:16.237 | WARNING  | src.orchestrators.trading_orchestrator:run_cycle:87 - Pipeline rejected at step=StrategyEngine reason=NO_SIGNAL_GENERATED
2026-05-29 23:54:15.328 | WARNING  | src.orchestrators.trading_orchestrator:run_cycle:87 - Pipeline rejected at step=BrokerHealthCheck reason=BROKER_HEALTH_FAILED
2026-05-29 23:59:16.168 | WARNING  | src.orchestrators.trading_orchestrator:run_cycle:87 - Pipeline rejected at step=StrategyEngine reason=NO_SIGNAL_GENERATED
2026-05-30 00:04:14.983 | WARNING  | src.orchestrators.trading_orchestrator:run_cycle:87 - Pipeline rejected at step=StrategyEngine reason=NO_SIGNAL_GENERATED
2026-05-30 00:09:15.881 | WARNING  | src.orchestrators.trading_orchestrator:run_cycle:87 - Pipeline rejected at step=StrategyEngine reason=NO_SIGNAL_GENERATED
2026-05-30 00:14:14.447 | WARNING  | src.orchestrators.trading_orchestrator:run_cycle:87 - Pipeline rejected at step=BrokerHealthCheck reason=BROKER_HEALTH_FAILED
2026-05-30 00:19:15.103 | WARNING  | src.orchestrators.trading_orchestrator:run_cycle:87 - Pipeline rejected at step=StrategyEngine reason=NO_SIGNAL_GENERATED
2026-05-30 00:24:14.318 | WARNING  | src.orchestrators.trading_orchestrator:run_cycle:87 - Pipeline rejected at step=StrategyEngine reason=NO_SIGNAL_GENERATED
2026-05-30 00:29:15.212 | WARNING  | src.orchestrators.trading_orchestrator:run_cycle:87 - Pipeline rejected at step=StrategyEngine reason=NO_SIGNAL_GENERATED
2026-05-30 00:34:14.749 | WARNING  | src.orchestrators.trading_orchestrator:run_cycle:87 - Pipeline rejected at step=StrategyEngine reason=NO_SIGNAL_GENERATED
2026-05-30 00:39:14.749 | WARNING  | src.orchestrators.trading_orchestrator:run_cycle:87 - Pipeline rejected at step=StrategyEngine reason=NO_SIGNAL_GENERATED
2026-05-30 00:44:14.841 | WARNING  | src.orchestrators.trading_orchestrator:run_cycle:87 - Pipeline rejected at step=StrategyEngine reason=NO_SIGNAL_GENERATED
2026-05-30 00:49:14.923 | WARNING  | src.orchestrators.trading_orchestrator:run_cycle:87 - Pipeline rejected at step=StrategyEngine reason=NO_SIGNAL_GENERATED
2026-05-30 00:54:15.182 | WARNING  | src.orchestrators.trading_orchestrator:run_cycle:87 - Pipeline rejected at step=StrategyEngine reason=NO_SIGNAL_GENERATED
2026-05-30 00:59:15.369 | WARNING  | src.orchestrators.trading_orchestrator:run_cycle:87 - Pipeline rejected at step=StrategyEngine reason=NO_SIGNAL_GENERATED
2026-05-30 01:04:15.201 | WARNING  | src.orchestrators.trading_orchestrator:run_cycle:87 - Pipeline rejected at step=StrategySelector reason=LOW_VOLATILITY_NO_TRADE
2026-05-30 01:09:15.425 | WARNING  | src.orchestrators.trading_orchestrator:run_cycle:87 - Pipeline rejected at step=StrategySelector reason=LOW_VOLATILITY_NO_TRADE
2026-05-30 01:14:15.787 | WARNING  | src.orchestrators.trading_orchestrator:run_cycle:87 - Pipeline rejected at step=StrategySelector reason=LOW_VOLATILITY_NO_TRADE
2026-05-30 01:19:13.888 | WARNING  | src.orchestrators.trading_orchestrator:run_cycle:87 - Pipeline rejected at step=StrategySelector reason=LOW_VOLATILITY_NO_TRADE
2026-05-30 01:24:14.029 | WARNING  | src.orchestrators.trading_orchestrator:run_cycle:87 - Pipeline rejected at step=StrategySelector reason=LOW_VOLATILITY_NO_TRADE
2026-05-30 01:29:14.038 | WARNING  | src.orchestrators.trading_orchestrator:run_cycle:87 - Pipeline rejected at step=StrategySelector reason=LOW_VOLATILITY_NO_TRADE
2026-05-30 01:34:13.998 | WARNING  | src.orchestrators.trading_orchestrator:run_cycle:87 - Pipeline rejected at step=StrategySelector reason=LOW_VOLATILITY_NO_TRADE
2026-05-30 01:39:14.304 | WARNING  | src.orchestrators.trading_orchestrator:run_cycle:87 - Pipeline rejected at step=StrategySelector reason=LOW_VOLATILITY_NO_TRADE
2026-05-30 01:44:14.518 | WARNING  | src.orchestrators.trading_orchestrator:run_cycle:87 - Pipeline rejected at step=StrategySelector reason=LOW_VOLATILITY_NO_TRADE
2026-05-30 01:49:14.830 | WARNING  | src.orchestrators.trading_orchestrator:run_cycle:87 - Pipeline rejected at step=StrategySelector reason=LOW_VOLATILITY_NO_TRADE
2026-05-30 01:54:14.869 | WARNING  | src.orchestrators.trading_orchestrator:run_cycle:87 - Pipeline rejected at step=StrategySelector reason=LOW_VOLATILITY_NO_TRADE
2026-05-30 01:59:14.817 | WARNING  | src.orchestrators.trading_orchestrator:run_cycle:87 - Pipeline rejected at step=StrategySelector reason=CHOPPY_MARKET_NO_TRADE
2026-05-30 02:04:14.764 | WARNING  | src.orchestrators.trading_orchestrator:run_cycle:87 - Pipeline rejected at step=MarketEventFilter reason=SESSION_FILTER_BLOCKED
2026-05-30 02:09:15.130 | WARNING  | src.orchestrators.trading_orchestrator:run_cycle:87 - Pipeline rejected at step=MarketEventFilter reason=SESSION_FILTER_BLOCKED
2026-05-30 02:14:15.459 | WARNING  | src.orchestrators.trading_orchestrator:run_cycle:87 - Pipeline rejected at step=MarketEventFilter reason=SESSION_FILTER_BLOCKED
2026-05-30 02:19:13.608 | WARNING  | src.orchestrators.trading_orchestrator:run_cycle:87 - Pipeline rejected at step=MarketEventFilter reason=SESSION_FILTER_BLOCKED
2026-05-30 02:24:14.072 | WARNING  | src.orchestrators.trading_orchestrator:run_cycle:87 - Pipeline rejected at step=MarketEventFilter reason=SESSION_FILTER_BLOCKED
2026-05-30 02:29:14.040 | WARNING  | src.orchestrators.trading_orchestrator:run_cycle:87 - Pipeline rejected at step=MarketEventFilter reason=SESSION_FILTER_BLOCKED
2026-05-30 02:34:14.102 | WARNING  | src.orchestrators.trading_orchestrator:run_cycle:87 - Pipeline rejected at step=MarketEventFilter reason=SESSION_FILTER_BLOCKED
2026-05-30 02:39:14.212 | WARNING  | src.orchestrators.trading_orchestrator:run_cycle:87 - Pipeline rejected at step=MarketEventFilter reason=SESSION_FILTER_BLOCKED
2026-05-30 02:44:14.351 | WARNING  | src.orchestrators.trading_orchestrator:run_cycle:87 - Pipeline rejected at step=MarketEventFilter reason=SESSION_FILTER_BLOCKED
2026-05-30 02:49:14.673 | WARNING  | src.orchestrators.trading_orchestrator:run_cycle:87 - Pipeline rejected at step=MarketEventFilter reason=SESSION_FILTER_BLOCKED
2026-05-30 02:54:15.242 | WARNING  | src.orchestrators.trading_orchestrator:run_cycle:87 - Pipeline rejected at step=MarketEventFilter reason=SESSION_FILTER_BLOCKED
2026-05-30 02:59:15.231 | WARNING  | src.orchestrators.trading_orchestrator:run_cycle:87 - Pipeline rejected at step=MarketEventFilter reason=SESSION_FILTER_BLOCKED
2026-05-30 03:04:15.449 | WARNING  | src.orchestrators.trading_orchestrator:run_cycle:87 - Pipeline rejected at step=MarketEventFilter reason=SESSION_FILTER_BLOCKED
2026-05-30 03:09:13.722 | WARNING  | src.orchestrators.trading_orchestrator:run_cycle:87 - Pipeline rejected at step=StrategyEngine reason=NO_SIGNAL_GENERATED
2026-05-30 03:14:14.359 | WARNING  | src.orchestrators.trading_orchestrator:run_cycle:87 - Pipeline rejected at step=StrategyEngine reason=NO_SIGNAL_GENERATED
2026-05-30 03:19:14.068 | WARNING  | src.orchestrators.trading_orchestrator:run_cycle:87 - Pipeline rejected at step=StrategyEngine reason=NO_SIGNAL_GENERATED
2026-05-30 03:24:14.157 | WARNING  | src.orchestrators.trading_orchestrator:run_cycle:87 - Pipeline rejected at step=StrategyEngine reason=NO_SIGNAL_GENERATED
2026-05-30 03:29:14.710 | WARNING  | src.orchestrators.trading_orchestrator:run_cycle:87 - Pipeline rejected at step=StrategyEngine reason=NO_SIGNAL_GENERATED
2026-05-30 03:34:15.066 | WARNING  | src.orchestrators.trading_orchestrator:run_cycle:87 - Pipeline rejected at step=StrategyEngine reason=NO_SIGNAL_GENERATED
2026-05-30 03:39:15.375 | WARNING  | src.orchestrators.trading_orchestrator:run_cycle:87 - Pipeline rejected at step=StrategyEngine reason=NO_SIGNAL_GENERATED
2026-05-30 03:44:15.349 | WARNING  | src.orchestrators.trading_orchestrator:run_cycle:87 - Pipeline rejected at step=StrategyEngine reason=NO_SIGNAL_GENERATED
2026-05-30 03:49:15.678 | WARNING  | src.orchestrators.trading_orchestrator:run_cycle:87 - Pipeline rejected at step=BrokerHealthCheck reason=BROKER_HEALTH_FAILED
2026-05-30 03:54:14.348 | WARNING  | src.orchestrators.trading_orchestrator:run_cycle:87 - Pipeline rejected at step=BrokerHealthCheck reason=BROKER_HEALTH_FAILED
2026-05-30 09:20:48.719 | INFO     | __main__:main:286 - KeyboardInterrupt received, stopping bot worker
